python : Traceback 
(most recent call 
last):
At line:1 char:1
+ python -m pytest te
sts/test_build_script
.py > 
test_output.txt 2>&1
+ ~~~~~~~~~~~~~~~~~~~
~~~~~~~~~~~~~~~~~~~~~
~~~~~~~~~~~~~~~~~~~~~
~~~~~
    + CategoryInfo   
           : NotSpe  
  cified: (Traceba   
 ck (most recent     
call last)::Stri    
ng) [], RemoteEx    
ception
    + FullyQualified 
   ErrorId : Native  
  CommandError
 
  File "<frozen 
runpy>", line 198, 
in 
_run_module_as_main
  File "<frozen 
runpy>", line 88, in 
_run_code
  File "C:\Users\user
\AppData\Roaming\Pyth
on\Python311\site-pac
kages\pytest\__main__
.py", line 9, in 
<module>
    raise SystemExit(
pytest.console_main()
)
                     
^^^^^^^^^^^^^^^^^^^^^
  File "C:\Users\user
\AppData\Roaming\Pyth
on\Python311\site-pac
kages\_pytest\config\
__init__.py", line 
201, in console_main
    code = main()
           ^^^^^^
  File "C:\Users\user
\AppData\Roaming\Pyth
on\Python311\site-pac
kages\_pytest\config\
__init__.py", line 
156, in main
    config = 
_prepareconfig(args, 
plugins)
             ^^^^^^^^
^^^^^^^^^^^^^^^^^^^^^
  File "C:\Users\user
\AppData\Roaming\Pyth
on\Python311\site-pac
kages\_pytest\config\
__init__.py", line 
342, in 
_prepareconfig
    config = pluginma
nager.hook.pytest_cmd
line_parse(
             ^^^^^^^^
^^^^^^^^^^^^^^^^^^^^^
^^^^^^^^^^^
  File "C:\Users\user
\AppData\Roaming\Pyth
on\Python311\site-pac
kages\pluggy\_hooks.p
y", line 512, in 
__call__
    return self._hook
exec(self.name, self.
_hookimpls.copy(), 
kwargs, firstresult)
           ^^^^^^^^^^
^^^^^^^^^^^^^^^^^^^^^
^^^^^^^^^^^^^^^^^^^^^
^^^^^^^^^^^^^^^^^^
  File "C:\Users\user
\AppData\Roaming\Pyth
on\Python311\site-pac
kages\pluggy\_manager
.py", line 120, in 
_hookexec
    return self._inne
r_hookexec(hook_name,
 methods, kwargs, 
firstresult)
           ^^^^^^^^^^
^^^^^^^^^^^^^^^^^^^^^
^^^^^^^^^^^^^^^^^^^^^
^^^^^^^^^
  File "C:\Users\user
\AppData\Roaming\Pyth
on\Python311\site-pac
kages\pluggy\_callers
.py", line 167, in 
_multicall
    raise exception
  File "C:\Users\user
\AppData\Roaming\Pyth
on\Python311\site-pac
kages\pluggy\_callers
.py", line 139, in 
_multicall
    teardown.throw(ex
ception)
  File "C:\Users\user
\AppData\Roaming\Pyth
on\Python311\site-pac
kages\_pytest\helpcon
fig.py", line 112, 
in 
pytest_cmdline_parse
    config = yield
             ^^^^^
  File "C:\Users\user
\AppData\Roaming\Pyth
on\Python311\site-pac
kages\pluggy\_callers
.py", line 121, in 
_multicall
    res = hook_impl.f
unction(*args)
          ^^^^^^^^^^^
^^^^^^^^^^^^^^
  File "C:\Users\user
\AppData\Roaming\Pyth
on\Python311\site-pac
kages\_pytest\config\
__init__.py", line 
1146, in 
pytest_cmdline_parse
    self.parse(args)
  File "C:\Users\user
\AppData\Roaming\Pyth
on\Python311\site-pac
kages\_pytest\config\
__init__.py", line 
1527, in parse
    
self._preparse(args, 
addopts=addopts)
  File "C:\Users\user
\AppData\Roaming\Pyth
on\Python311\site-pac
kages\_pytest\config\
__init__.py", line 
1431, in _preparse
    self.hook.pytest_
load_initial_conftest
s(
  File "C:\Users\user
\AppData\Roaming\Pyth
on\Python311\site-pac
kages\pluggy\_hooks.p
y", line 512, in 
__call__
    return self._hook
exec(self.name, self.
_hookimpls.copy(), 
kwargs, firstresult)
           ^^^^^^^^^^
^^^^^^^^^^^^^^^^^^^^^
^^^^^^^^^^^^^^^^^^^^^
^^^^^^^^^^^^^^^^^^
  File "C:\Users\user
\AppData\Roaming\Pyth
on\Python311\site-pac
kages\pluggy\_manager
.py", line 120, in 
_hookexec
    return self._inne
r_hookexec(hook_name,
 methods, kwargs, 
firstresult)
           ^^^^^^^^^^
^^^^^^^^^^^^^^^^^^^^^
^^^^^^^^^^^^^^^^^^^^^
^^^^^^^^^
  File "C:\Users\user
\AppData\Roaming\Pyth
on\Python311\site-pac
kages\pluggy\_callers
.py", line 167, in 
_multicall
    raise exception
  File "C:\Users\user
\AppData\Roaming\Pyth
on\Python311\site-pac
kages\pluggy\_callers
.py", line 139, in 
_multicall
    teardown.throw(ex
ception)
  File "C:\Users\user
\AppData\Roaming\Pyth
on\Python311\site-pac
kages\_pytest\warning
s.py", line 129, in p
ytest_load_initial_co
nftests
    return (yield)
            ^^^^^
  File "C:\Users\user
\AppData\Roaming\Pyth
on\Python311\site-pac
kages\pluggy\_callers
.py", line 116, in 
_multicall
    
next(function_gen)  
# first yield
    
^^^^^^^^^^^^^^^^^^
  File "C:\Users\user
\AppData\Roaming\Pyth
on\Python311\site-pac
kages\_pytest\capture
.py", line 161, in py
test_load_initial_con
ftests
    _readline_workaro
und()
  File "C:\Users\user
\AppData\Roaming\Pyth
on\Python311\site-pac
kages\_pytest\capture
.py", line 95, in 
_readline_workaround
    import readline  
# noqa: F401
    ^^^^^^^^^^^^^^^
  File "C:\Users\user
\AppData\Roaming\Pyth
on\Python311\site-pac
kages\readline.py", 
line 34, in <module>
    rl = Readline()
         ^^^^^^^^^^
  File "C:\Users\user
\AppData\Roaming\Pyth
on\Python311\site-pac
kages\pyreadline\rlma
in.py", line 422, in 
__init__
    BaseReadline.__in
it__(self)
  File "C:\Users\user
\AppData\Roaming\Pyth
on\Python311\site-pac
kages\pyreadline\rlma
in.py", line 62, in 
__init__
    mode.init_editing
_mode(None)
  File "C:\Users\user
\AppData\Roaming\Pyth
on\Python311\site-pac
kages\pyreadline\mode
s\emacs.py", line 
633, in 
init_editing_mode
    self._bind_key('s
pace',       
self.self_insert)
  File "C:\Users\user
\AppData\Roaming\Pyth
on\Python311\site-pac
kages\pyreadline\mode
s\basemode.py", line 
162, in _bind_key
    if not 
callable(func):
           
^^^^^^^^^^^^^^
  File "C:\Users\user
\AppData\Roaming\Pyth
on\Python311\site-pac
kages\pyreadline\py3k
_compat.py", line 8, 
in callable
    return 
isinstance(x, 
collections.Callable)
                     
    
^^^^^^^^^^^^^^^^^^^^
AttributeError: 
module 'collections' 
has no attribute 
'Callable'
